-------------------------------------------------------------------------------------------------------------------------------------------------------------------------------
      name:  <unnamed>
       log:  /Users/MacBook/Dropbox/Research/tmo_all/tmo/SJ/temp/log/tempLog.log
  log type:  text
 opened on:  31 Aug 2025, 11:28:19

. 
. qui do "${SRC}/tmo.ado"

. tmo, cmd(reg PIN_persincpc_d EDU_college_d, cluster(stfips)) x(EDU_college_d) ylist(`ylist') i(fips) savedyad
filesuffix() required for   savedyad  

-------------------------------------------------------------------------------------------------------------------------------------------------------------------------------
timer report
  1.       .646 /        1 =      .646
  2.         .2 /        1 =        .2
-------------------------------------------------------------------------------------------------------------------------------------------------------------------------------
1
.11179984
.11179984
.11179984
file _dyad.dta saved
  4,680,270
  4,535,923
  164,192
  19,845

Linear Regression with TMO                              Number of obs =  3,060
                                                        R-squared     = 0.0705
                                                        Adj R-squared = 0.0705
                                                        Root MSE      = 0.1677

-------------------------------------------------------------------------------
PIN_persinc~d | Coefficient  Std. err.      t    P>|t|     [95% conf. interval]
--------------+----------------------------------------------------------------
EDU_college_d |   .2299788   .0381001     6.04   0.000     .1533312    .3066263
-------------------------------------------------------------------------------
-------------------------------------------------------------------------------
                                                                               
                                                   Optimal threshold      0.433
                                            % of off-diag in SE est.      3.508
                              % >= threshold (excl. clusters/Conley)      0.438
                                                          # outcomes     90.000
                                                  Degrees of freedom     45.192
-------------------------------------------------------------------------------

. log close
      name:  <unnamed>
       log:  /Users/MacBook/Dropbox/Research/tmo_all/tmo/SJ/temp/log/tempLog.log
  log type:  text
 closed on:  31 Aug 2025, 11:28:29
-------------------------------------------------------------------------------------------------------------------------------------------------------------------------------
